// Jest Snapshot v1, https://goo.gl/fbAQLP

exports[`Select component should render correctly 1`] = `
<select
  className="pl-4 py-2 w-full bg-transparent dark:bg-dark-mode dark:text-gray-200 border-2 rounded-lg dark:border-dark-mode placeholder-gray-400 cursor-pointer"
>
  <option>
    1
  </option>
  <option>
    2
  </option>
  <option>
    3
  </option>
</select>
`;
